case=SufficientSupply;population=1007;efficiency=100;techlevel=5;ambrosia=85;addicted=TRUE
case=ShortageNoEffect;population=1000;efficiency=94;techlevel=5;ambrosia=0;addicted=FALSE
case=ShortageRiot;population=997;efficiency=94;techlevel=5;ambrosia=0;addicted=FALSE
case=ShortageTechRegression;population=1000;efficiency=94;techlevel=4;ambrosia=0;addicted=FALSE
case=BecomesAddicted;population=1007;efficiency=100;techlevel=5;ambrosia=143;addicted=TRUE
case=StaysUnaddicted;population=1007;efficiency=100;techlevel=5;ambrosia=143;addicted=FALSE
