case=DefaultTargetingRealDefenderCounterattack;groups=5;g1num=97;g1sta=0;g2num=100;g2sta=0;g3num=92;g3sta=0;g4num=95;g4sta=0;g5num=97;g5sta=0;en_fgt=2;en_hkr=25;en_jmp=5;en_pen=8;en_ssp=0;kill5=0;cas5=3;kill6=0;cas6=0;kill7=0;cas7=8;kill8=0;cas8=0;kill9=0;cas9=5;kill10=0;cas10=3;surrenders=0
case=FighterGroupTargetsHunterKiller;groups=5;g1num=97;g1sta=0;g2num=100;g2sta=0;g3num=94;g3sta=0;g4num=94;g4sta=0;g5num=97;g5sta=0;en_fgt=2;en_hkr=10;en_jmp=5;en_pen=8;en_ssp=0;kill5=0;cas5=3;kill6=15;cas6=0;kill7=0;cas7=6;kill8=0;cas8=0;kill9=0;cas9=6;kill10=0;cas10=3;surrenders=0
case=LargeTechGapFavorsAttacker;groups=5;g1num=98;g1sta=0;g2num=100;g2sta=0;g3num=97;g3sta=0;g4num=96;g4sta=0;g5num=98;g5sta=0;en_fgt=2;en_hkr=0;en_jmp=5;en_pen=8;en_ssp=0;kill5=0;cas5=2;kill6=25;cas6=0;kill7=0;cas7=3;kill8=0;cas8=0;kill9=0;cas9=4;kill10=0;cas10=2;surrenders=0
