case=EnoughMaterialDecrementsCountdown;timetocompletion=1;active=1;fleet1che=90;fleet1met=100;fleet1tri=20;fleet2che=0;fleet2met=0;fleet2tri=0;mineowner=8;starbasekind=0;starbasepop=0;starbaseeff=0;starbasetype=0;starbasetech=0;starbasebio=0;starbaseche=0;starbasemin=0;starbasesyg=0;starbasesyj=0;starbasesys=0;starbasesyt=0;starbasesup=0;starbasetri=0;stargatekind=0
case=InsufficientMaterialLeavesEverythingUnchanged;timetocompletion=2;active=1;fleet1che=50;fleet1met=600;fleet1tri=100;fleet2che=0;fleet2met=0;fleet2tri=0;mineowner=8;starbasekind=0;starbasepop=0;starbaseeff=0;starbasetype=0;starbasetech=0;starbasebio=0;starbaseche=0;starbasemin=0;starbasesyg=0;starbasesyj=0;starbasesys=0;starbasesyt=0;starbasesup=0;starbasetri=0;stargatekind=0
case=TwoFleetsJointlySupplyMaterial;timetocompletion=1;active=1;fleet1che=0;fleet1met=0;fleet1tri=0;fleet2che=10;fleet2met=100;fleet2tri=20;mineowner=8;starbasekind=0;starbasepop=0;starbaseeff=0;starbasetype=0;starbasetech=0;starbasebio=0;starbaseche=0;starbasemin=0;starbasesyg=0;starbasesyj=0;starbasesys=0;starbasesyt=0;starbasesup=0;starbasetri=0;stargatekind=0
case=CompletionCreatesMinefield;timetocompletion=0;active=0;fleet1che=90;fleet1met=100;fleet1tri=20;fleet2che=0;fleet2met=0;fleet2tri=0;mineowner=0;starbasekind=0;starbasepop=0;starbaseeff=0;starbasetype=0;starbasetech=0;starbasebio=0;starbaseche=0;starbasemin=0;starbasesyg=0;starbasesyj=0;starbasesys=0;starbasesyt=0;starbasesup=0;starbasetri=0;stargatekind=0
case=CompletionCreatesStargate;timetocompletion=0;active=0;fleet1che=470;fleet1met=80;fleet1tri=50;fleet2che=0;fleet2met=0;fleet2tri=0;mineowner=8;starbasekind=0;starbasepop=0;starbaseeff=0;starbasetype=0;starbasetech=0;starbasebio=0;starbaseche=0;starbasemin=0;starbasesyg=0;starbasesyj=0;starbasesys=0;starbasesyt=0;starbasesup=0;starbasetri=0;stargatekind=24
case=CompletionCreatesIndustrialComplexStarbase;timetocompletion=0;active=0;fleet1che=110;fleet1met=100;fleet1tri=50;fleet2che=0;fleet2met=0;fleet2tri=0;mineowner=8;starbasekind=22;starbasepop=400;starbaseeff=10;starbasetype=2;starbasetech=8;starbasebio=0;starbaseche=9;starbasemin=11;starbasesyg=195;starbasesyj=0;starbasesys=0;starbasesyt=0;starbasesup=4;starbasetri=6;stargatekind=0
