case=StandardFleetStepsAndBurnsFuel;alive=1;x=6;y=3;destx=8;desty=3;status=1;fuel=94.000000;fgt=2;hkr=0;jmp=0;jtn=0;pen=0;ssp=0;trn=0;men=0;nnj=0;amb=0;che=0;met=0;sup=0;tri=0;nextorder=0;c_fgt=0;c_hkr=0;c_jmp=0;c_jtn=0;c_pen=0;c_ssp=0;c_trn=0;c_men=0;c_nnj=0;c_amb=0;c_che=0;c_met=0;c_sup=0;c_tri=0;news1=;news2=
case=JumpFleetCrossesTheMapAndArrives;alive=1;x=17;y=16;destx=17;desty=16;status=0;fuel=984.000000;fgt=0;hkr=0;jmp=10;jtn=0;pen=0;ssp=0;trn=0;men=0;nnj=0;amb=0;che=0;met=0;sup=0;tri=0;nextorder=0;c_fgt=0;c_hkr=0;c_jmp=0;c_jtn=0;c_pen=0;c_ssp=0;c_trn=0;c_men=0;c_nnj=0;c_amb=0;c_che=0;c_met=0;c_sup=0;c_tri=0;news1=;news2=
case=OutOfFuelRefuelsFromCargo;alive=1;x=17;y=4;destx=17;desty=4;status=0;fuel=74.000000;fgt=0;hkr=0;jmp=10;jtn=5;pen=0;ssp=0;trn=0;men=0;nnj=0;amb=0;che=0;met=0;sup=0;tri=29;nextorder=0;c_fgt=0;c_hkr=0;c_jmp=0;c_jtn=0;c_pen=0;c_ssp=0;c_trn=0;c_men=0;c_nnj=0;c_amb=0;c_che=0;c_met=0;c_sup=0;c_tri=0;news1=;news2=
case=CargoTrillumRunsOutMidRefuel;alive=1;x=2;y=4;destx=10;desty=4;status=2;fuel=265.000000;fgt=0;hkr=0;jmp=0;jtn=0;pen=0;ssp=0;trn=2000;men=0;nnj=0;amb=0;che=0;met=0;sup=0;tri=0;nextorder=0;c_fgt=0;c_hkr=0;c_jmp=0;c_jtn=0;c_pen=0;c_ssp=0;c_trn=0;c_men=0;c_nnj=0;c_amb=0;c_che=0;c_met=0;c_sup=0;c_tri=0;news1=28,28;news2=
case=LastTonOfCargoTrillumRefuels;alive=1;x=4;y=4;destx=10;desty=4;status=1;fuel=183.000000;fgt=0;hkr=0;jmp=0;jtn=0;pen=0;ssp=0;trn=40;men=0;nnj=0;amb=0;che=0;met=0;sup=0;tri=0;nextorder=0;c_fgt=0;c_hkr=0;c_jmp=0;c_jtn=0;c_pen=0;c_ssp=0;c_trn=0;c_men=0;c_nnj=0;c_amb=0;c_che=0;c_met=0;c_sup=0;c_tri=0;news1=;news2=
case=OutOfFuelWithoutTrillumGoesInactive;alive=1;x=2;y=4;destx=10;desty=4;status=2;fuel=0.000000;fgt=0;hkr=0;jmp=0;jtn=0;pen=0;ssp=0;trn=40;men=0;nnj=0;amb=0;che=0;met=0;sup=0;tri=0;nextorder=0;c_fgt=0;c_hkr=0;c_jmp=0;c_jtn=0;c_pen=0;c_ssp=0;c_trn=0;c_men=0;c_nnj=0;c_amb=0;c_che=0;c_met=0;c_sup=0;c_tri=0;news1=28,28,28;news2=
case=InactiveFleetWithFuelMovesAgain;alive=1;x=4;y=4;destx=10;desty=4;status=2;fuel=96.000000;fgt=5;hkr=0;jmp=0;jtn=0;pen=0;ssp=0;trn=0;men=0;nnj=0;amb=0;che=0;met=0;sup=0;tri=0;nextorder=0;c_fgt=0;c_hkr=0;c_jmp=0;c_jtn=0;c_pen=0;c_ssp=0;c_trn=0;c_men=0;c_nnj=0;c_amb=0;c_che=0;c_met=0;c_sup=0;c_tri=0;news1=;news2=
case=InactiveFleetWithCargoTrillumMovesAgain;alive=1;x=4;y=4;destx=10;desty=4;status=1;fuel=183.000000;fgt=0;hkr=0;jmp=0;jtn=0;pen=0;ssp=0;trn=40;men=0;nnj=0;amb=0;che=0;met=0;sup=0;tri=4;nextorder=0;c_fgt=0;c_hkr=0;c_jmp=0;c_jtn=0;c_pen=0;c_ssp=0;c_trn=0;c_men=0;c_nnj=0;c_amb=0;c_che=0;c_met=0;c_sup=0;c_tri=0;news1=;news2=
case=StandardFleetBlockedByDenseNebula;alive=1;x=4;y=3;destx=8;desty=3;status=1;fuel=994.000000;fgt=5;hkr=0;jmp=0;jtn=0;pen=0;ssp=0;trn=0;men=0;nnj=0;amb=0;che=0;met=0;sup=0;tri=0;nextorder=0;c_fgt=0;c_hkr=0;c_jmp=0;c_jtn=0;c_pen=0;c_ssp=0;c_trn=0;c_men=0;c_nnj=0;c_amb=0;c_che=0;c_met=0;c_sup=0;c_tri=0;news1=59,59;news2=
case=JumpFleetBlockedByDenseNebula;alive=1;x=6;y=6;destx=12;desty=12;status=1;fuel=995.000000;fgt=0;hkr=0;jmp=5;jtn=0;pen=0;ssp=0;trn=0;men=0;nnj=0;amb=0;che=0;met=0;sup=0;tri=0;nextorder=0;c_fgt=0;c_hkr=0;c_jmp=0;c_jtn=0;c_pen=0;c_ssp=0;c_trn=0;c_men=0;c_nnj=0;c_amb=0;c_che=0;c_met=0;c_sup=0;c_tri=0;news1=59;news2=
case=JumpFleetPartialMineLoss;alive=1;x=6;y=3;destx=15;desty=3;status=1;fuel=992.000000;fgt=0;hkr=0;jmp=5;jtn=0;pen=0;ssp=0;trn=0;men=0;nnj=0;amb=0;che=0;met=0;sup=0;tri=0;nextorder=0;minescouted=1;c_fgt=0;c_hkr=0;c_jmp=0;c_jtn=0;c_pen=0;c_ssp=0;c_trn=0;c_men=0;c_nnj=0;c_amb=0;c_che=0;c_met=0;c_sup=0;c_tri=0;news1=31,56;news2=30
case=JumpFleetDestroyedByMines;alive=0;minescouted=1;c_fgt=0;c_hkr=0;c_jmp=0;c_jtn=0;c_pen=0;c_ssp=0;c_trn=0;c_men=0;c_nnj=0;c_amb=0;c_che=0;c_met=0;c_sup=0;c_tri=0;news1=32,56;news2=30
case=JumpTransportsMineLossRebalancesCargo;alive=1;x=5;y=5;destx=15;desty=15;status=1;fuel=976.000000;fgt=0;hkr=0;jmp=2;jtn=4;pen=0;ssp=0;trn=0;men=0;nnj=0;amb=0;che=0;met=0;sup=0;tri=100;nextorder=0;minescouted=1;c_fgt=0;c_hkr=0;c_jmp=0;c_jtn=0;c_pen=0;c_ssp=0;c_trn=0;c_men=0;c_nnj=0;c_amb=0;c_che=0;c_met=0;c_sup=0;c_tri=0;news1=31,56,56;news2=30
case=HkFleetPartialMineLoss;alive=1;x=4;y=4;destx=15;desty=15;status=1;fuel=890.000000;fgt=0;hkr=49;jmp=0;jtn=0;pen=0;ssp=0;trn=0;men=0;nnj=0;amb=0;che=0;met=0;sup=0;tri=0;nextorder=0;minescouted=1;c_fgt=0;c_hkr=0;c_jmp=0;c_jtn=0;c_pen=0;c_ssp=0;c_trn=0;c_men=0;c_nnj=0;c_amb=0;c_che=0;c_met=0;c_sup=0;c_tri=0;news1=31,56;news2=30
case=HkFleetDestroyedByMines;alive=0;minescouted=1;c_fgt=0;c_hkr=0;c_jmp=0;c_jtn=0;c_pen=0;c_ssp=0;c_trn=0;c_men=0;c_nnj=0;c_amb=0;c_che=0;c_met=0;c_sup=0;c_tri=0;news1=32,56;news2=30
case=StandardFleetIgnoresMines;alive=1;x=5;y=3;destx=8;desty=3;status=1;fuel=996.000000;fgt=10;hkr=0;jmp=0;jtn=0;pen=0;ssp=0;trn=0;men=0;nnj=0;amb=0;che=0;met=0;sup=0;tri=0;nextorder=0;minescouted=0;c_fgt=0;c_hkr=0;c_jmp=0;c_jtn=0;c_pen=0;c_ssp=0;c_trn=0;c_men=0;c_nnj=0;c_amb=0;c_che=0;c_met=0;c_sup=0;c_tri=0;news1=;news2=
case=JumpFleetStoppedByDisrupter;alive=1;x=6;y=3;destx=16;desty=3;status=1;fuel=992.000000;fgt=0;hkr=0;jmp=10;jtn=0;pen=0;ssp=0;trn=0;men=0;nnj=0;amb=0;che=0;met=0;sup=0;tri=0;nextorder=0;c_fgt=0;c_hkr=0;c_jmp=0;c_jtn=0;c_pen=0;c_ssp=0;c_trn=0;c_men=0;c_nnj=0;c_amb=0;c_che=0;c_met=0;c_sup=0;c_tri=0;news1=66;news2=
case=JumpFleetOutOfDisrupterRange;alive=1;x=13;y=3;destx=16;desty=3;status=1;fuel=992.000000;fgt=0;hkr=0;jmp=10;jtn=0;pen=0;ssp=0;trn=0;men=0;nnj=0;amb=0;che=0;met=0;sup=0;tri=0;nextorder=0;c_fgt=0;c_hkr=0;c_jmp=0;c_jtn=0;c_pen=0;c_ssp=0;c_trn=0;c_men=0;c_nnj=0;c_amb=0;c_che=0;c_met=0;c_sup=0;c_tri=0;news1=;news2=
case=FortressHopTowardFarDestination;alive=1;x=8;y=12;destx=17;desty=12;status=1;fuel=998.000000;fgt=5;hkr=0;jmp=0;jtn=0;pen=0;ssp=0;trn=0;men=0;nnj=0;amb=0;che=0;met=0;sup=0;tri=0;nextorder=0;c_fgt=0;c_hkr=0;c_jmp=0;c_jtn=0;c_pen=0;c_ssp=0;c_trn=0;c_men=0;c_nnj=0;c_amb=0;c_che=0;c_met=0;c_sup=0;c_tri=0;news1=;news2=
case=FortressHopStoppedByDenseNebula;alive=1;x=5;y=12;destx=17;desty=12;status=1;fuel=998.000000;fgt=5;hkr=0;jmp=0;jtn=0;pen=0;ssp=0;trn=0;men=0;nnj=0;amb=0;che=0;met=0;sup=0;tri=0;nextorder=0;c_fgt=0;c_hkr=0;c_jmp=0;c_jtn=0;c_pen=0;c_ssp=0;c_trn=0;c_men=0;c_nnj=0;c_amb=0;c_che=0;c_met=0;c_sup=0;c_tri=0;news1=59;news2=
case=FortressTeleportsToNearDestination;alive=1;x=8;y=15;destx=8;desty=15;status=0;fuel=998.000000;fgt=5;hkr=0;jmp=0;jtn=0;pen=0;ssp=0;trn=0;men=0;nnj=0;amb=0;che=0;met=0;sup=0;tri=0;nextorder=0;c_fgt=0;c_hkr=0;c_jmp=0;c_jtn=0;c_pen=0;c_ssp=0;c_trn=0;c_men=0;c_nnj=0;c_amb=0;c_che=0;c_met=0;c_sup=0;c_tri=0;news1=;news2=
case=StandardFleetThroughPublicGate;alive=1;x=17;y=2;destx=17;desty=2;status=0;fuel=998.000000;fgt=5;hkr=0;jmp=0;jtn=0;pen=0;ssp=0;trn=0;men=0;nnj=0;amb=0;che=0;met=0;sup=0;tri=0;nextorder=0;c_fgt=0;c_hkr=0;c_jmp=0;c_jtn=0;c_pen=0;c_ssp=0;c_trn=0;c_men=0;c_nnj=0;c_amb=0;c_che=0;c_met=0;c_sup=0;c_tri=0;news1=;news2=
case=JumpFleetThroughPublicGate;alive=1;x=15;y=2;destx=15;desty=2;status=0;fuel=990.000000;fgt=0;hkr=0;jmp=5;jtn=0;pen=0;ssp=0;trn=0;men=0;nnj=0;amb=0;che=0;met=0;sup=0;tri=0;nextorder=0;c_fgt=0;c_hkr=0;c_jmp=0;c_jtn=0;c_pen=0;c_ssp=0;c_trn=0;c_men=0;c_nnj=0;c_amb=0;c_che=0;c_met=0;c_sup=0;c_tri=0;news1=;news2=
case=GateIntoDenseNebulaRefused;alive=1;x=3;y=15;destx=17;desty=2;status=1;fuel=998.000000;fgt=5;hkr=0;jmp=0;jtn=0;pen=0;ssp=0;trn=0;men=0;nnj=0;amb=0;che=0;met=0;sup=0;tri=0;nextorder=0;c_fgt=0;c_hkr=0;c_jmp=0;c_jtn=0;c_pen=0;c_ssp=0;c_trn=0;c_men=0;c_nnj=0;c_amb=0;c_che=0;c_met=0;c_sup=0;c_tri=0;news1=60;news2=
case=StandardFleetArrivesAtGateThenGates;alive=1;x=17;y=2;destx=17;desty=2;status=0;fuel=994.000000;fgt=5;hkr=0;jmp=0;jtn=0;pen=0;ssp=0;trn=0;men=0;nnj=0;amb=0;che=0;met=0;sup=0;tri=0;nextorder=0;c_fgt=0;c_hkr=0;c_jmp=0;c_jtn=0;c_pen=0;c_ssp=0;c_trn=0;c_men=0;c_nnj=0;c_amb=0;c_che=0;c_met=0;c_sup=0;c_tri=0;news1=;news2=
case=TransferWaitRepeatLoop;alive=1;x=5;y=5;destx=5;desty=5;status=0;fuel=199.000000;fgt=0;hkr=0;jmp=0;jtn=0;pen=0;ssp=0;trn=10;men=0;nnj=0;amb=0;che=0;met=20;sup=0;tri=0;nextorder=3;w_fgt=0;w_hkr=0;w_jmp=0;w_jtn=0;w_pen=0;w_ssp=0;w_trn=0;w_men=0;w_nnj=0;w_amb=0;w_che=0;w_met=480;w_sup=0;w_tri=3;c_fgt=0;c_hkr=0;c_jmp=0;c_jtn=0;c_pen=0;c_ssp=0;c_trn=0;c_men=0;c_nnj=0;c_amb=0;c_che=0;c_met=0;c_sup=0;c_tri=0;news1=;news2=
case=RepeatToSelf;alive=1;x=5;y=5;destx=5;desty=5;status=0;fuel=1000.000000;fgt=1;hkr=0;jmp=0;jtn=0;pen=0;ssp=0;trn=0;men=0;nnj=0;amb=0;che=0;met=0;sup=0;tri=0;nextorder=0;c_fgt=0;c_hkr=0;c_jmp=0;c_jtn=0;c_pen=0;c_ssp=0;c_trn=0;c_men=0;c_nnj=0;c_amb=0;c_che=0;c_met=0;c_sup=0;c_tri=0;news1=;news2=
case=ShuttleBetweenWorldAndCapitalRepeats;alive=1;x=10;y=10;destx=3;desty=3;status=1;fuel=151.000000;fgt=0;hkr=0;jmp=5;jtn=10;pen=0;ssp=0;trn=0;men=0;nnj=0;amb=0;che=0;met=0;sup=0;tri=0;nextorder=5;w_fgt=0;w_hkr=0;w_jmp=0;w_jtn=0;w_pen=0;w_ssp=0;w_trn=0;w_men=0;w_nnj=0;w_amb=0;w_che=0;w_met=982;w_sup=0;w_tri=3;c_fgt=0;c_hkr=0;c_jmp=0;c_jtn=0;c_pen=0;c_ssp=0;c_trn=0;c_men=0;c_nnj=0;c_amb=0;c_che=0;c_met=18;c_sup=0;c_tri=0;news1=;news2=
case=PickupClampedToWorldStock;alive=1;x=5;y=5;destx=5;desty=5;status=0;fuel=199.000000;fgt=0;hkr=0;jmp=0;jtn=0;pen=0;ssp=0;trn=10;men=0;nnj=0;amb=0;che=0;met=20;sup=0;tri=0;nextorder=0;w_fgt=0;w_hkr=0;w_jmp=0;w_jtn=0;w_pen=0;w_ssp=0;w_trn=0;w_men=0;w_nnj=0;w_amb=0;w_che=0;w_met=0;w_sup=0;w_tri=3;c_fgt=0;c_hkr=0;c_jmp=0;c_jtn=0;c_pen=0;c_ssp=0;c_trn=0;c_men=0;c_nnj=0;c_amb=0;c_che=0;c_met=0;c_sup=0;c_tri=0;news1=;news2=
case=PickupClampedToCargoSpace;alive=1;x=5;y=5;destx=5;desty=5;status=0;fuel=20.000000;fgt=0;hkr=0;jmp=0;jtn=0;pen=0;ssp=0;trn=1;men=0;nnj=0;amb=0;che=0;met=3;sup=0;tri=0;nextorder=0;w_fgt=0;w_hkr=0;w_jmp=0;w_jtn=0;w_pen=0;w_ssp=0;w_trn=0;w_men=0;w_nnj=0;w_amb=0;w_che=0;w_met=8997;w_sup=0;w_tri=4;c_fgt=0;c_hkr=0;c_jmp=0;c_jtn=0;c_pen=0;c_ssp=0;c_trn=0;c_men=0;c_nnj=0;c_amb=0;c_che=0;c_met=0;c_sup=0;c_tri=0;news1=;news2=
case=PickupClampedToMaxResources;alive=1;x=5;y=5;destx=5;desty=5;status=0;fuel=1000.000000;fgt=0;hkr=0;jmp=0;jtn=0;pen=0;ssp=0;trn=9999;men=0;nnj=0;amb=0;che=0;met=9999;sup=0;tri=0;nextorder=0;w_fgt=0;w_hkr=0;w_jmp=0;w_jtn=0;w_pen=0;w_ssp=0;w_trn=0;w_men=0;w_nnj=0;w_amb=0;w_che=0;w_met=491;w_sup=0;w_tri=0;c_fgt=0;c_hkr=0;c_jmp=0;c_jtn=0;c_pen=0;c_ssp=0;c_trn=0;c_men=0;c_nnj=0;c_amb=0;c_che=0;c_met=0;c_sup=0;c_tri=0;news1=;news2=
case=DropoffClampedToFleetStock;alive=1;x=5;y=5;destx=5;desty=5;status=0;fuel=398.000000;fgt=0;hkr=0;jmp=0;jtn=0;pen=0;ssp=0;trn=20;men=0;nnj=0;amb=0;che=0;met=0;sup=0;tri=0;nextorder=0;w_fgt=0;w_hkr=0;w_jmp=0;w_jtn=0;w_pen=0;w_ssp=0;w_trn=0;w_men=0;w_nnj=0;w_amb=0;w_che=0;w_met=40;w_sup=0;w_tri=2;c_fgt=0;c_hkr=0;c_jmp=0;c_jtn=0;c_pen=0;c_ssp=0;c_trn=0;c_men=0;c_nnj=0;c_amb=0;c_che=0;c_met=0;c_sup=0;c_tri=0;news1=;news2=
case=DropoffClampedToWorldMaxResources;alive=1;x=5;y=5;destx=5;desty=5;status=0;fuel=796.000000;fgt=0;hkr=0;jmp=0;jtn=0;pen=0;ssp=0;trn=40;men=0;nnj=0;amb=0;che=0;met=91;sup=0;tri=0;nextorder=0;w_fgt=0;w_hkr=0;w_jmp=0;w_jtn=0;w_pen=0;w_ssp=0;w_trn=0;w_men=0;w_nnj=0;w_amb=0;w_che=0;w_met=9999;w_sup=0;w_tri=1;c_fgt=0;c_hkr=0;c_jmp=0;c_jtn=0;c_pen=0;c_ssp=0;c_trn=0;c_men=0;c_nnj=0;c_amb=0;c_che=0;c_met=0;c_sup=0;c_tri=0;news1=;news2=
case=ShipPickupTopsUpFuelFromWorld;alive=1;x=5;y=5;destx=5;desty=5;status=0;fuel=498.000000;fgt=0;hkr=0;jmp=0;jtn=0;pen=0;ssp=0;trn=25;men=0;nnj=0;amb=0;che=0;met=0;sup=0;tri=0;nextorder=0;w_fgt=0;w_hkr=0;w_jmp=0;w_jtn=0;w_pen=0;w_ssp=0;w_trn=5;w_men=0;w_nnj=0;w_amb=0;w_che=0;w_met=0;w_sup=0;w_tri=498;c_fgt=0;c_hkr=0;c_jmp=0;c_jtn=0;c_pen=0;c_ssp=0;c_trn=0;c_men=0;c_nnj=0;c_amb=0;c_che=0;c_met=0;c_sup=0;c_tri=0;news1=;news2=
case=DropAllShipsAbortsFleet;alive=0;w_fgt=0;w_hkr=0;w_jmp=0;w_jtn=0;w_pen=0;w_ssp=0;w_trn=10;w_men=0;w_nnj=0;w_amb=0;w_che=0;w_met=25;w_sup=0;w_tri=6;c_fgt=0;c_hkr=0;c_jmp=0;c_jtn=0;c_pen=0;c_ssp=0;c_trn=0;c_men=0;c_nnj=0;c_amb=0;c_che=0;c_met=0;c_sup=0;c_tri=0;news1=;news2=
case=TransferAtForeignWorldIgnored;alive=1;x=5;y=5;destx=5;desty=5;status=0;fuel=1000.000000;fgt=0;hkr=0;jmp=0;jtn=0;pen=0;ssp=0;trn=10;men=0;nnj=0;amb=0;che=0;met=0;sup=0;tri=0;nextorder=0;w_fgt=0;w_hkr=0;w_jmp=0;w_jtn=0;w_pen=0;w_ssp=0;w_trn=0;w_men=0;w_nnj=0;w_amb=0;w_che=0;w_met=500;w_sup=0;w_tri=0;c_fgt=0;c_hkr=0;c_jmp=0;c_jtn=0;c_pen=0;c_ssp=0;c_trn=0;c_men=0;c_nnj=0;c_amb=0;c_che=0;c_met=0;c_sup=0;c_tri=0;news1=;news2=
