case=DolParemMidsizeIndependent;pop=1843;eff=100;tech=8;revindex=14;bio=0;che=77;min=97;syg=171;syj=0;sys=0;syt=0;sup=72;tri=49;fgt=1871;hkr=341;jmp=620;jtn=341;pen=272;ssp=133;trn=592;cargomen=975;cargoche=358;cargomet=0;cargosup=283;cargotri=95;trillumreserve=910;lam=0;def=146;gdm=1341;ion=329
case=DolParemCapital;pop=3608;eff=100;tech=8;revindex=0;bio=0;che=134;min=169;syg=244;syj=0;sys=0;syt=0;sup=124;tri=98;fgt=4412;hkr=814;jmp=1467;jtn=814;pen=649;ssp=322;trn=1631;cargomen=6582;cargoche=7345;cargomet=8700;cargosup=9097;cargotri=401;trillumreserve=659;lam=9543;def=5002;gdm=9999;ion=5463
case=DolParemBase;pop=2437;eff=100;tech=8;revindex=0;bio=0;che=95;min=120;syg=213;syj=0;sys=0;syt=0;sup=83;tri=60;fgt=3296;hkr=607;jmp=1096;jtn=607;pen=484;ssp=239;trn=1216;cargomen=3527;cargoche=83;cargomet=0;cargosup=751;cargotri=1765;trillumreserve=830;lam=2354;def=1952;gdm=6143;ion=598
case=DolParemYoungWorldNoMetals;pop=274;eff=100;tech=8;revindex=23;bio=0;che=2;min=3;syg=2;syj=0;sys=0;syt=0;sup=28;tri=1;fgt=10;hkr=0;jmp=10;jtn=0;pen=0;ssp=0;trn=0;cargomen=239;cargoche=0;cargomet=0;cargosup=66;cargotri=43;trillumreserve=867;lam=0;def=0;gdm=91;ion=0
case=DolParemYoungWorldResupplied;pop=274;eff=100;tech=8;revindex=5;bio=0;che=18;min=22;syg=39;syj=0;sys=0;syt=0;sup=28;tri=11;fgt=73;hkr=13;jmp=23;jtn=13;pen=10;ssp=10;trn=26;cargomen=239;cargoche=525;cargomet=136;cargosup=66;cargotri=48;trillumreserve=867;lam=0;def=10;gdm=132;ion=16
