case=WeakDefenderNoAttackerTroopsRetreats;result=2;cas_fgt=32;cas_hkr=12;cas_jtn=0;cas_nnj=0;kill_fgt=8;kill_hkr=10;kill_men=50;def_owner=1;def_eff=0;def_rev=0;def_type=4;newcap_idx=2;def_fgt=2;def_hkr=0;def_men=0;def_nnj=0;def_amb=0;def_che=0;def_met=0;def_sup=0;def_tri=0;att_active=1;att_fgt=168;att_hkr=188;att_jtn=0;att_nnj=0;att_men=0;att_fuel=0;tgt_active=0;tgt_fgt=0;tgt_hkr=0;rev1=1;rev2=-1;inuse2=1
case=WeakDefenderWithAttackerTroopsConquers;result=3;cas_fgt=17;cas_hkr=12;cas_jtn=1;cas_nnj=3;kill_fgt=8;kill_hkr=10;kill_men=50;def_owner=0;def_eff=0;def_rev=10;def_type=6;newcap_idx=2;def_fgt=2;def_hkr=0;def_men=0;def_nnj=0;def_amb=0;def_che=0;def_met=0;def_sup=0;def_tri=0;att_active=1;att_fgt=183;att_hkr=188;att_jtn=19;att_nnj=20;att_men=0;att_fuel=0;tgt_active=0;tgt_fgt=0;tgt_hkr=0;rev1=-3;rev2=25;inuse2=0
case=StrongDefenderNoAttackerTroopsRetreats;result=2;cas_fgt=200;cas_hkr=124;cas_jtn=0;cas_nnj=0;kill_fgt=160;kill_hkr=200;kill_men=22;def_owner=1;def_eff=0;def_rev=0;def_type=4;newcap_idx=2;def_fgt=40;def_hkr=0;def_men=478;def_nnj=0;def_amb=0;def_che=0;def_met=0;def_sup=0;def_tri=0;att_active=1;att_fgt=0;att_hkr=76;att_jtn=0;att_nnj=0;att_men=0;att_fuel=0;tgt_active=0;tgt_fgt=0;tgt_hkr=0;rev1=1;rev2=-1;inuse2=1
case=FleetTargetWithAttackerTroopsSurrenders;result=3;cas_fgt=2;cas_hkr=2;cas_jtn=0;cas_nnj=0;kill_fgt=5;kill_hkr=5;kill_men=0;def_owner=1;def_eff=0;def_rev=0;def_type=4;newcap_idx=2;def_fgt=5;def_hkr=5;def_men=20;def_nnj=0;def_amb=0;def_che=0;def_met=0;def_sup=0;def_tri=0;att_active=1;att_fgt=203;att_hkr=198;att_jtn=20;att_nnj=20;att_men=0;att_fuel=0;tgt_active=0;tgt_fgt=0;tgt_hkr=0;rev1=-3;rev2=1;inuse2=1
case=DestroyTransportsIntent;result=3;cas_fgt=17;cas_hkr=12;cas_jtn=1;cas_nnj=3;kill_fgt=8;kill_hkr=10;kill_men=50;def_owner=0;def_eff=0;def_rev=10;def_type=6;newcap_idx=2;def_fgt=2;def_hkr=0;def_men=0;def_nnj=0;def_amb=0;def_che=0;def_met=0;def_sup=0;def_tri=0;att_active=1;att_fgt=183;att_hkr=188;att_jtn=19;att_nnj=20;att_men=0;att_fuel=0;tgt_active=0;tgt_fgt=0;tgt_hkr=0;rev1=-3;rev2=25;inuse2=0
case=ConquerEmpireImmediateConquestOfSecondWorld;result=3;cas_fgt=17;cas_hkr=12;cas_jtn=1;cas_nnj=3;kill_fgt=8;kill_hkr=10;kill_men=50;def_owner=0;def_eff=0;def_rev=10;def_type=6;p3_owner=0;p3_eff=0;p3_rev=15;p3_type=0;newcap_idx=2;def_fgt=2;def_hkr=0;def_men=0;def_nnj=0;def_amb=0;def_che=0;def_met=0;def_sup=0;def_tri=0;att_active=1;att_fgt=183;att_hkr=188;att_jtn=19;att_nnj=20;att_men=0;att_fuel=0;tgt_active=0;tgt_fgt=0;tgt_hkr=0;rev1=-3;rev2=25;inuse2=0
case=ConquerEmpireNewCapitalChosen;result=3;cas_fgt=17;cas_hkr=12;cas_jtn=1;cas_nnj=3;kill_fgt=8;kill_hkr=10;kill_men=50;def_owner=0;def_eff=0;def_rev=10;def_type=6;p3_owner=1;p3_eff=40;p3_rev=0;p3_type=4;newcap_idx=3;def_fgt=2;def_hkr=0;def_men=0;def_nnj=0;def_amb=0;def_che=0;def_met=0;def_sup=0;def_tri=0;att_active=1;att_fgt=183;att_hkr=188;att_jtn=19;att_nnj=20;att_men=0;att_fuel=0;tgt_active=0;tgt_fgt=0;tgt_hkr=0;rev1=-3;rev2=25;inuse2=1
case=ConquestWithDefenderEfficiencyAndRng;result=3;cas_fgt=17;cas_hkr=12;cas_jtn=1;cas_nnj=3;kill_fgt=8;kill_hkr=10;kill_men=50;def_owner=0;def_eff=53;def_rev=17;def_type=6;newcap_idx=2;def_fgt=2;def_hkr=0;def_men=0;def_nnj=0;def_amb=0;def_che=0;def_met=0;def_sup=0;def_tri=0;att_active=1;att_fgt=183;att_hkr=188;att_jtn=19;att_nnj=20;att_men=0;att_fuel=0;tgt_active=0;tgt_fgt=0;tgt_hkr=0;rev1=-10;rev2=32;inuse2=0
case=StrongDefenderWithEfficiencyAndRng;result=2;cas_fgt=200;cas_hkr=94;cas_jtn=0;cas_nnj=0;kill_fgt=120;kill_hkr=150;kill_men=43;def_owner=1;def_eff=90;def_rev=0;def_type=4;newcap_idx=2;def_fgt=30;def_hkr=0;def_men=257;def_nnj=0;def_amb=0;def_che=0;def_met=0;def_sup=0;def_tri=0;att_active=1;att_fgt=0;att_hkr=106;att_jtn=0;att_nnj=0;att_men=0;att_fuel=0;tgt_active=0;tgt_fgt=0;tgt_hkr=0;rev1=14;rev2=-14;inuse2=1
case=ConquestOfStockedWorld;result=3;cas_fgt=17;cas_hkr=12;cas_jtn=1;cas_nnj=3;kill_fgt=8;kill_hkr=10;kill_men=50;def_owner=0;def_eff=50;def_rev=10;def_type=6;newcap_idx=2;def_fgt=2;def_hkr=0;def_men=0;def_nnj=0;def_amb=3000;def_che=3000;def_met=3000;def_sup=3000;def_tri=3000;att_active=1;att_fgt=183;att_hkr=188;att_jtn=19;att_nnj=20;att_men=0;att_fuel=0;tgt_active=0;tgt_fgt=0;tgt_hkr=0;rev1=-3;rev2=25;inuse2=0
case=StockedWorldHoldsOut;result=2;cas_fgt=200;cas_hkr=124;cas_jtn=0;cas_nnj=0;kill_fgt=160;kill_hkr=200;kill_men=22;def_owner=1;def_eff=60;def_rev=0;def_type=4;newcap_idx=2;def_fgt=40;def_hkr=0;def_men=478;def_nnj=0;def_amb=3000;def_che=3000;def_met=3000;def_sup=3000;def_tri=3000;att_active=1;att_fgt=0;att_hkr=76;att_jtn=0;att_nnj=0;att_men=0;att_fuel=0;tgt_active=0;tgt_fgt=0;tgt_hkr=0;rev1=1;rev2=-1;inuse2=1
