case=PatrolDeploySeed1;mission=3;waiting=2;destx=13;desty=14;blockx=3;blocky=3;hgvalue=200;shfgt=0;shhkr=896;shjmp=0;shtrn=0;crche=0;crmet=0;targetowner=0;activefleetcount=1
case=PatrolDeploySeed7;mission=3;waiting=2;destx=4;desty=5;blockx=1;blocky=1;hgvalue=200;shfgt=0;shhkr=901;shjmp=0;shtrn=0;crche=0;crmet=0;targetowner=0;activefleetcount=1
case=WaitForTrnCatchesTargetSeed1;mission=4;waiting=1;destx=23;desty=20;blockx=2;blocky=2;hgvalue=40;shfgt=0;shhkr=50;shjmp=50;shtrn=0;crche=0;crmet=0;targetowner=0;activefleetcount=2
case=WaitForTrnCatchesTargetSeed1000;mission=4;waiting=2;destx=23;desty=20;blockx=2;blocky=2;hgvalue=40;shfgt=0;shhkr=50;shjmp=50;shtrn=0;crche=0;crmet=0;targetowner=0;activefleetcount=2
case=WaitForTrnGivesUp;mission=1;waiting=0;destx=10;desty=10;blockx=2;blocky=2;hgvalue=20;shfgt=0;shhkr=0;shjmp=0;shtrn=0;crche=0;crmet=0;targetowner=0;activefleetcount=1
case=AttackTrnCatchesTargetSeed1;mission=1;waiting=0;destx=10;desty=10;blockx=0;blocky=0;hgvalue=0;shfgt=0;shhkr=100;shjmp=96;shtrn=0;crche=0;crmet=0;targetowner=0;activefleetcount=1
case=AttackTrnCatchesTargetSeed4;mission=1;waiting=0;destx=10;desty=10;blockx=0;blocky=0;hgvalue=0;shfgt=0;shhkr=101;shjmp=96;shtrn=0;crche=0;crmet=0;targetowner=0;activefleetcount=1
case=AttackWrldConquers;mission=1;waiting=0;destx=10;desty=10;blockx=0;blocky=0;hgvalue=0;shfgt=5000;shhkr=5000;shjmp=0;shtrn=0;crche=0;crmet=0;targetowner=8;activefleetcount=1
