case=EarthLikeWarpRng0;population=618;efficiency=40;fgt=64;hkr=0;jmp=0;jtn=0;pen=0;ssp=0;trn=24;cargomen=32;cargoche=24;cargomet=40;cargosup=20;cargotri=8;defLAM=0;defDef=0;defGDM=40;defIon=0;cls=9;tech=5;type=6;owner=8;bio=0;che=24;min=30;syg=54;syj=0;sys=0;syt=0;sup=54;tri=15;isspche=5;isspmet=5;isspsup=5;issptri=5
case=EarthLikePreTechRng0;population=2;efficiency=40;fgt=0;hkr=0;jmp=0;jtn=0;pen=0;ssp=0;trn=0;cargomen=0;cargoche=0;cargomet=0;cargosup=0;cargotri=0;defLAM=0;defDef=0;defGDM=0;defIon=0;cls=9;tech=0;type=6;owner=8;bio=0;che=0;min=0;syg=0;syj=0;sys=0;syt=0;sup=3;tri=0;isspche=5;isspmet=5;isspsup=5;issptri=5
case=ArtificialGateRng0;population=2646;efficiency=40;fgt=192;hkr=17;jmp=24;jtn=15;pen=10;ssp=3;trn=72;cargomen=96;cargoche=72;cargomet=120;cargosup=60;cargotri=24;defLAM=0;defDef=72;defGDM=120;defIon=96;cls=2;tech=10;type=6;owner=8;bio=0;che=52;min=66;syg=116;syj=0;sys=0;syt=0;sup=91;tri=33;isspche=5;isspmet=5;isspsup=5;issptri=5
case=ClassMJumpRng5;population=986;efficiency=45;fgt=389;hkr=0;jmp=53;jtn=34;pen=0;ssp=0;trn=149;cargomen=197;cargoche=149;cargomet=245;cargosup=125;cargotri=53;defLAM=0;defDef=0;defGDM=245;defIon=197;cls=7;tech=6;type=6;owner=8;bio=0;che=41;min=52;syg=91;syj=0;sys=0;syt=0;sup=63;tri=26;isspche=5;isspmet=5;isspsup=5;issptri=5
case=BarrenBioRng2;population=1507;efficiency=42;fgt=322;hkr=30;jmp=42;jtn=26;pen=18;ssp=0;trn=122;cargomen=162;cargoche=122;cargomet=202;cargosup=102;cargotri=42;defLAM=0;defDef=122;defGDM=202;defIon=162;cls=3;tech=7;type=6;owner=8;bio=0;che=40;min=50;syg=89;syj=0;sys=0;syt=0;sup=74;tri=25;isspche=5;isspmet=5;isspsup=5;issptri=5
