case=Aftermat;year=4021;planetcount=164;sumplanetx=3071;sumplanety=2901;sumpop=74526;sumeff=8510;sumtri=129950;sumclass=1392;sumtech=564;sumships=66334;sumcargo=195797;sumdefns=41113;starbasecount=0;sumstarbasepop=0;sumstarbaseeff=0;stargatecount=0;empirecount=4;sumempiretech=28;sumrevfactor=0;sumcentralmodifier=0;sumempress=2;nebulacellcount=267;minedcellcount=0
case=Arronax;year=7054;planetcount=200;sumplanetx=4508;sumplanety=4230;sumpop=146333;sumeff=10505;sumtri=156414;sumclass=1637;sumtech=851;sumships=328920;sumcargo=536653;sumdefns=209187;starbasecount=1;sumstarbasepop=2747;sumstarbaseeff=75;stargatecount=0;empirecount=8;sumempiretech=58;sumrevfactor=8;sumcentralmodifier=4;sumempress=4;nebulacellcount=73;minedcellcount=35
case=Awaken;year=4021;planetcount=212;sumplanetx=8663;sumplanety=8692;sumpop=132935;sumeff=11619;sumtri=145656;sumclass=2383;sumtech=729;sumships=504235;sumcargo=735616;sumdefns=296870;starbasecount=2;sumstarbasepop=100;sumstarbaseeff=134;stargatecount=0;empirecount=7;sumempiretech=45;sumrevfactor=0;sumcentralmodifier=1;sumempress=2;nebulacellcount=2542;minedcellcount=0
case=Eastwest;year=3701;planetcount=24;sumplanetx=195;sumplanety=213;sumpop=25045;sumeff=1416;sumtri=24082;sumclass=234;sumtech=130;sumships=261360;sumcargo=219035;sumdefns=30130;starbasecount=0;sumstarbasepop=0;sumstarbaseeff=0;stargatecount=0;empirecount=2;sumempiretech=15;sumrevfactor=0;sumcentralmodifier=2;sumempress=1;nebulacellcount=19;minedcellcount=0
case=Fences;year=4021;planetcount=100;sumplanetx=1339;sumplanety=1552;sumpop=97588;sumeff=5617;sumtri=77142;sumclass=879;sumtech=503;sumships=179034;sumcargo=309552;sumdefns=101101;starbasecount=0;sumstarbasepop=0;sumstarbaseeff=0;stargatecount=0;empirecount=4;sumempiretech=36;sumrevfactor=0;sumcentralmodifier=0;sumempress=2;nebulacellcount=189;minedcellcount=0
case=Gauntlet;year=3100;planetcount=172;sumplanetx=4273;sumplanety=4181;sumpop=206204;sumeff=9832;sumtri=139203;sumclass=1718;sumtech=716;sumships=690140;sumcargo=1023510;sumdefns=290230;starbasecount=10;sumstarbasepop=5329;sumstarbaseeff=910;stargatecount=0;empirecount=8;sumempiretech=59;sumrevfactor=12;sumcentralmodifier=2;sumempress=5;nebulacellcount=426;minedcellcount=54
case=Imperium;year=4021;planetcount=200;sumplanetx=4797;sumplanety=5193;sumpop=88502;sumeff=10308;sumtri=166333;sumclass=1686;sumtech=677;sumships=89403;sumcargo=215690;sumdefns=51675;starbasecount=0;sumstarbasepop=0;sumstarbaseeff=0;stargatecount=0;empirecount=4;sumempiretech=28;sumrevfactor=0;sumcentralmodifier=0;sumempress=2;nebulacellcount=152;minedcellcount=0
case=Intro;year=4021;planetcount=50;sumplanetx=497;sumplanety=526;sumpop=25985;sumeff=2662;sumtri=38991;sumclass=442;sumtech=167;sumships=25440;sumcargo=72811;sumdefns=14634;starbasecount=0;sumstarbasepop=0;sumstarbaseeff=0;stargatecount=0;empirecount=5;sumempiretech=35;sumrevfactor=0;sumcentralmodifier=0;sumempress=2;nebulacellcount=73;minedcellcount=0
case=Jakarta;year=3651;planetcount=50;sumplanetx=368;sumplanety=497;sumpop=24984;sumeff=2611;sumtri=44353;sumclass=524;sumtech=184;sumships=35526;sumcargo=143940;sumdefns=27297;starbasecount=0;sumstarbasepop=0;sumstarbaseeff=0;stargatecount=0;empirecount=3;sumempiretech=22;sumrevfactor=0;sumcentralmodifier=1;sumempress=1;nebulacellcount=147;minedcellcount=23
case=Peripher;year=4021;planetcount=50;sumplanetx=531;sumplanety=500;sumpop=48098;sumeff=3208;sumtri=38624;sumclass=395;sumtech=254;sumships=323522;sumcargo=288427;sumdefns=143284;starbasecount=0;sumstarbasepop=0;sumstarbaseeff=0;stargatecount=0;empirecount=5;sumempiretech=38;sumrevfactor=0;sumcentralmodifier=0;sumempress=2;nebulacellcount=173;minedcellcount=0
case=Trinity;year=4021;planetcount=105;sumplanetx=1278;sumplanety=1533;sumpop=44385;sumeff=5355;sumtri=87397;sumclass=873;sumtech=350;sumships=53845;sumcargo=127867;sumdefns=29937;starbasecount=0;sumstarbasepop=0;sumstarbaseeff=0;stargatecount=0;empirecount=3;sumempiretech=21;sumrevfactor=6;sumcentralmodifier=0;sumempress=1;nebulacellcount=213;minedcellcount=0
