case=Aftermat;year=4021;planetcount=164;sumplanetx=3071;sumplanety=3112;sumpop=72415;sumeff=8459;sumtri=134999;sumclass=1491;sumtech=549;sumships=69835;sumcargo=201494;sumdefns=42094;starbasecount=0;sumstarbasepop=0;sumstarbaseeff=0;stargatecount=0;empirecount=4;sumempiretech=28;sumrevfactor=0;sumcentralmodifier=0;sumempress=0;nebulacellcount=311;minedcellcount=0
case=Arronax;year=7054;planetcount=200;sumplanetx=4250;sumplanety=4622;sumpop=140484;sumeff=10279;sumtri=159832;sumclass=1749;sumtech=834;sumships=324451;sumcargo=534562;sumdefns=205887;starbasecount=1;sumstarbasepop=2674;sumstarbaseeff=75;stargatecount=0;empirecount=8;sumempiretech=58;sumrevfactor=8;sumcentralmodifier=4;sumempress=2;nebulacellcount=91;minedcellcount=35
case=Awaken;year=4021;planetcount=212;sumplanetx=8712;sumplanety=8758;sumpop=136255;sumeff=11523;sumtri=139403;sumclass=2400;sumtech=760;sumships=531790;sumcargo=754492;sumdefns=319046;starbasecount=2;sumstarbasepop=791;sumstarbaseeff=90;stargatecount=0;empirecount=7;sumempiretech=45;sumrevfactor=0;sumcentralmodifier=1;sumempress=2;nebulacellcount=2661;minedcellcount=0
case=Eastwest;year=3701;planetcount=24;sumplanetx=225;sumplanety=236;sumpop=22101;sumeff=1431;sumtri=24667;sumclass=236;sumtech=119;sumships=258891;sumcargo=219736;sumdefns=27582;starbasecount=0;sumstarbasepop=0;sumstarbaseeff=0;stargatecount=0;empirecount=2;sumempiretech=15;sumrevfactor=0;sumcentralmodifier=2;sumempress=0;nebulacellcount=15;minedcellcount=0
case=Fences;year=4021;planetcount=100;sumplanetx=1393;sumplanety=1319;sumpop=89585;sumeff=5573;sumtri=72883;sumclass=917;sumtech=485;sumships=177506;sumcargo=309626;sumdefns=90164;starbasecount=0;sumstarbasepop=0;sumstarbaseeff=0;stargatecount=0;empirecount=4;sumempiretech=36;sumrevfactor=0;sumcentralmodifier=0;sumempress=0;nebulacellcount=180;minedcellcount=0
case=Gauntlet;year=3100;planetcount=172;sumplanetx=3948;sumplanety=4102;sumpop=206586;sumeff=10012;sumtri=133605;sumclass=1729;sumtech=738;sumships=690171;sumcargo=1031143;sumdefns=299007;starbasecount=10;sumstarbasepop=5311;sumstarbaseeff=910;stargatecount=0;empirecount=8;sumempiretech=59;sumrevfactor=12;sumcentralmodifier=2;sumempress=6;nebulacellcount=193;minedcellcount=56
case=Imperium;year=4021;planetcount=200;sumplanetx=4693;sumplanety=5145;sumpop=95476;sumeff=10309;sumtri=157122;sumclass=1799;sumtech=721;sumships=101968;sumcargo=235345;sumdefns=59182;starbasecount=0;sumstarbasepop=0;sumstarbaseeff=0;stargatecount=0;empirecount=4;sumempiretech=28;sumrevfactor=0;sumcentralmodifier=0;sumempress=0;nebulacellcount=236;minedcellcount=0
case=Intro;year=4021;planetcount=50;sumplanetx=475;sumplanety=529;sumpop=24662;sumeff=2650;sumtri=38856;sumclass=410;sumtech=171;sumships=20661;sumcargo=68606;sumdefns=12017;starbasecount=0;sumstarbasepop=0;sumstarbaseeff=0;stargatecount=0;empirecount=5;sumempiretech=35;sumrevfactor=0;sumcentralmodifier=0;sumempress=1;nebulacellcount=153;minedcellcount=0
case=Jakarta;year=3651;planetcount=50;sumplanetx=397;sumplanety=504;sumpop=26793;sumeff=2582;sumtri=41191;sumclass=499;sumtech=197;sumships=41793;sumcargo=151177;sumdefns=31223;starbasecount=0;sumstarbasepop=0;sumstarbaseeff=0;stargatecount=0;empirecount=3;sumempiretech=22;sumrevfactor=0;sumcentralmodifier=1;sumempress=0;nebulacellcount=160;minedcellcount=25
case=Peripher;year=4021;planetcount=50;sumplanetx=454;sumplanety=473;sumpop=47389;sumeff=3259;sumtri=42187;sumclass=439;sumtech=247;sumships=318997;sumcargo=293813;sumdefns=138325;starbasecount=0;sumstarbasepop=0;sumstarbaseeff=0;stargatecount=0;empirecount=5;sumempiretech=38;sumrevfactor=0;sumcentralmodifier=0;sumempress=1;nebulacellcount=199;minedcellcount=0
case=Trinity;year=4021;planetcount=105;sumplanetx=1253;sumplanety=1622;sumpop=43679;sumeff=5366;sumtri=88414;sumclass=909;sumtech=343;sumships=50891;sumcargo=128203;sumdefns=30985;starbasecount=0;sumstarbasepop=0;sumstarbaseeff=0;stargatecount=0;empirecount=3;sumempiretech=21;sumrevfactor=6;sumcentralmodifier=0;sumempress=0;nebulacellcount=141;minedcellcount=0
