case=Aftermat;year=4021;planetcount=164;sumplanetx=3071;sumplanety=3112;sumpop=72415;sumeff=8459;sumtri=134999;sumclass=1491;sumtech=549;sumships=69835;sumcargo=201494;sumdefns=42094;starbasecount=0;sumstarbasepop=0;sumstarbaseeff=0;stargatecount=0;empirecount=4;sumempiretech=28;sumrevfactor=0;sumcentralmodifier=0;sumempress=2;nebulacellcount=311;minedcellcount=0
case=Arronax;year=7054;planetcount=200;sumplanetx=4125;sumplanety=4677;sumpop=149386;sumeff=10299;sumtri=154182;sumclass=1742;sumtech=875;sumships=342689;sumcargo=552719;sumdefns=213125;starbasecount=1;sumstarbasepop=2872;sumstarbaseeff=75;stargatecount=0;empirecount=8;sumempiretech=58;sumrevfactor=8;sumcentralmodifier=4;sumempress=5;nebulacellcount=75;minedcellcount=33
case=Awaken;year=4021;planetcount=212;sumplanetx=8766;sumplanety=8743;sumpop=148534;sumeff=11453;sumtri=147335;sumclass=2415;sumtech=792;sumships=523243;sumcargo=760613;sumdefns=328548;starbasecount=2;sumstarbasepop=579;sumstarbaseeff=143;stargatecount=0;empirecount=7;sumempiretech=45;sumrevfactor=0;sumcentralmodifier=1;sumempress=3;nebulacellcount=2247;minedcellcount=0
case=Eastwest;year=3701;planetcount=24;sumplanetx=225;sumplanety=236;sumpop=22101;sumeff=1431;sumtri=24667;sumclass=236;sumtech=119;sumships=258891;sumcargo=219736;sumdefns=27582;starbasecount=0;sumstarbasepop=0;sumstarbaseeff=0;stargatecount=0;empirecount=2;sumempiretech=15;sumrevfactor=0;sumcentralmodifier=2;sumempress=1;nebulacellcount=15;minedcellcount=0
case=Fences;year=4021;planetcount=100;sumplanetx=1393;sumplanety=1319;sumpop=89585;sumeff=5573;sumtri=72883;sumclass=917;sumtech=485;sumships=177506;sumcargo=309626;sumdefns=90164;starbasecount=0;sumstarbasepop=0;sumstarbaseeff=0;stargatecount=0;empirecount=4;sumempiretech=36;sumrevfactor=0;sumcentralmodifier=0;sumempress=2;nebulacellcount=180;minedcellcount=0
case=Gauntlet;year=3100;planetcount=172;sumplanetx=4216;sumplanety=4217;sumpop=200192;sumeff=10025;sumtri=137176;sumclass=1708;sumtech=705;sumships=671406;sumcargo=1006302;sumdefns=283206;starbasecount=10;sumstarbasepop=5006;sumstarbaseeff=910;stargatecount=0;empirecount=8;sumempiretech=59;sumrevfactor=12;sumcentralmodifier=2;sumempress=4;nebulacellcount=208;minedcellcount=57
case=Imperium;year=4021;planetcount=200;sumplanetx=4693;sumplanety=5145;sumpop=95476;sumeff=10309;sumtri=157122;sumclass=1799;sumtech=721;sumships=101968;sumcargo=235345;sumdefns=59182;starbasecount=0;sumstarbasepop=0;sumstarbaseeff=0;stargatecount=0;empirecount=4;sumempiretech=28;sumrevfactor=0;sumcentralmodifier=0;sumempress=2;nebulacellcount=236;minedcellcount=0
case=Intro;year=4021;planetcount=50;sumplanetx=488;sumplanety=505;sumpop=24254;sumeff=2611;sumtri=40912;sumclass=423;sumtech=166;sumships=20417;sumcargo=67861;sumdefns=11949;starbasecount=0;sumstarbasepop=0;sumstarbaseeff=0;stargatecount=0;empirecount=5;sumempiretech=35;sumrevfactor=0;sumcentralmodifier=0;sumempress=3;nebulacellcount=113;minedcellcount=0
case=Jakarta;year=3651;planetcount=50;sumplanetx=399;sumplanety=513;sumpop=27188;sumeff=2579;sumtri=45283;sumclass=476;sumtech=198;sumships=37881;sumcargo=143832;sumdefns=26311;starbasecount=0;sumstarbasepop=0;sumstarbaseeff=0;stargatecount=0;empirecount=3;sumempiretech=22;sumrevfactor=0;sumcentralmodifier=1;sumempress=1;nebulacellcount=160;minedcellcount=25
case=Peripher;year=4021;planetcount=50;sumplanetx=516;sumplanety=453;sumpop=47427;sumeff=3244;sumtri=40692;sumclass=431;sumtech=252;sumships=329145;sumcargo=287321;sumdefns=141122;starbasecount=0;sumstarbasepop=0;sumstarbaseeff=0;stargatecount=0;empirecount=5;sumempiretech=38;sumrevfactor=0;sumcentralmodifier=0;sumempress=3;nebulacellcount=160;minedcellcount=0
case=Trinity;year=4021;planetcount=105;sumplanetx=1253;sumplanety=1622;sumpop=43679;sumeff=5366;sumtri=88414;sumclass=909;sumtech=343;sumships=50891;sumcargo=128203;sumdefns=30985;starbasecount=0;sumstarbasepop=0;sumstarbaseeff=0;stargatecount=0;empirecount=3;sumempiretech=21;sumrevfactor=6;sumcentralmodifier=0;sumempress=1;nebulacellcount=141;minedcellcount=0
